packages/fluid-2d/components/FluidCanvas2D.tsx(984,20): error TS2339: Property 'dispose' does not exist on type 'MaterialGraph'.
